// Jest Snapshot v1, https://goo.gl/fbAQLP

exports[`The Loading component should contain Matchs snapshot 1`] = `
<div>
  <h1
    className="load"
  >
    Loading ...
  </h1>
</div>
`;

exports[`The navigation bar should contain Matchs snapshot 1`] = `
<div>
  <h1
    className="load"
  >
    Loading ...
  </h1>
</div>
`;
